// Jest Snapshot v1, https://goo.gl/fbAQLP

exports[`SearchResultsComponent Component render1 1`] = `
<div
  className="search-results"
>
  <span
    numberOfItems={2}
  >
    SearchInfoComponent MOCK
  </span>
  <span
    movies={
      Array [
        Object {
          "budget": 923000,
          "genres": Array [
            "Adventure",
            "Comedy",
            "Drama",
          ],
          "id": 962,
          "overview": "A lone prospector ventures into Alaska looking for gold. He gets mixed up with some burly characters and falls in love with the beautiful Georgia. He tries to win her heart with his singular charm.",
          "poster_path": "https://image.tmdb.org/t/p/w500/eQRFo1qwRREYwj47Yoe1PisgOle.jpg",
          "release_date": "1925-06-25",
          "revenue": 2500000,
          "runtime": 95,
          "tagline": "The World's Greatest Laughing Picture!",
          "title": "The Gold Rush",
          "vote_average": 7.8,
          "vote_count": 411,
        },
        Object {
          "budget": 92620000,
          "genres": Array [
            "Drama",
            "Science Fiction",
          ],
          "id": 19,
          "overview": "In a futuristic city sharply divided between the working class and the city planners, the son of the city's mastermind falls in love with a working class prophet who predicts the coming of a savior to mediate their differences.",
          "poster_path": "https://image.tmdb.org/t/p/w500/qriaeUUwdmlgethK3aSAx68mG05.jpg",
          "release_date": "1927-01-10",
          "revenue": 650422,
          "runtime": 153,
          "tagline": "There can be no understanding between the hands and the brain unless the heart acts as mediator.",
          "title": "Metropolis",
          "vote_average": 8.1,
          "vote_count": 837,
        },
      ]
    }
    onItemClick={[Function]}
  >
    MovieList MOCK
  </span>
</div>
`;

exports[`SearchResultsComponent Component render2 1`] = `
<div
  className="no-films-found"
>
  No films found
</div>
`;
