// Jest Snapshot v1, https://goo.gl/fbAQLP

exports[`SearchResultByGenreContainer Component render 1`] = `
<div
  className="search-results"
/>
`;
