// Jest Snapshot v1, https://goo.gl/fbAQLP

exports[`SearchResultByAuthorContainer Component render 1`] = `
<div
  className="search-results"
/>
`;
