// Jest Snapshot v1, https://goo.gl/fbAQLP

exports[`DocumentComponent Component render 1`] = `
Array [
  <span
    initialSearchString=""
    onSearchClick={[Function]}
  >
    DocumentHeaderComponent MOCK
  </span>,
  <span>
    DocumentBodyComponent MOCK
  </span>,
]
`;
