// Jest Snapshot v1, https://goo.gl/fbAQLP

exports[`TextComponent Component render 1`] = `
<span
  className="component-class"
>
  some-text
</span>
`;
