// Jest Snapshot v1, https://goo.gl/fbAQLP

exports[`Root Component render 1`] = `
<p>
  Such page does not exists. Error 404.
</p>
`;
