// Jest Snapshot v1, https://goo.gl/fbAQLP

exports[`DocumentBodyComponent Component render 1`] = `
<main
  className="main-body"
/>
`;
