// Jest Snapshot v1, https://goo.gl/fbAQLP

exports[`Root Component render 1`] = `
<span>
  DocumentComponent MOCK
</span>
`;
